******************************************************************************
                  TI ARM Linker PC v20.2.0                     
******************************************************************************
>> Linked Wed Dec 10 13:01:02 2025

OUTPUT FILE NAME:   <F25_Proj3.out>
ENTRY POINT SYMBOL: "_c_int00_noargs"  address: 000066bd


MEMORY CONFIGURATION

         name            origin    length      used     unused   attr    fill
----------------------  --------  ---------  --------  --------  ----  --------
  MAIN                  00000000   00040000  0000756c  00038a94  R  X
  INFO                  00200000   00004000  00000000  00004000  R  X
  SRAM_CODE             01000000   00010000  0000022b  0000fdd5  RW X
  SRAM_DATA             20000000   00010000  0000022b  0000fdd5  RW  


SEGMENT ALLOCATION MAP

run origin  load origin   length   init length attrs members
----------  ----------- ---------- ----------- ----- -------
00000000    00000000    00007570   00007570    r-x
  00000000    00000000    000000e4   000000e4    r-- .intvecs
  000000e4    000000e4    00006e78   00006e78    r-x .text
  00006f5c    00006f5c    000005d8   000005d8    r-- .const
  00007538    00007538    00000038   00000038    r-- .cinit
20000000    20000000    0000002b   00000000    rw-
  20000000    20000000    0000001c   00000000    rw- .data
  2000001c    2000001c    0000000f   00000000    rw- .bss
2000fe00    2000fe00    00000200   00000000    rw-
  2000fe00    2000fe00    00000200   00000000    rw- .stack


SECTION ALLOCATION MAP

 output                                  attributes/
section   page    origin      length       input sections
--------  ----  ----------  ----------   ----------------
.intvecs   0    00000000    000000e4     
                  00000000    000000e4     startup_msp432p401r_ccs.obj (.intvecs:retain)

.text      0    000000e4    00006e78     
                  000000e4    00000a4e     rtsv7M4_T_le_v4SPD16_eabi.lib : _printfi.c.obj (.text:__TI_printfi)
                  00000b32    0000047e     grlib.a : string.obj (.text:Graphics_drawString)
                  00000fb0    00000350     project3_main.obj (.text:formatNumber)
                  00001300    00000295     project3_main.obj (.text:drawMenuScreen)
                  00001595    00000001     --HOLE-- [fill = 0]
                  00001596    00000002     startup_msp432p401r_ccs.obj (.text:Default_Handler)
                  00001598    00000270     rtsv7M4_T_le_v4SPD16_eabi.lib : _printfi.c.obj (.text:_pconv_a)
                  00001808    0000026e     grlib.a : circle.obj (.text:Graphics_drawCircle)
                  00001a76    0000022a             : circle.obj (.text:Graphics_fillCircle)
                  00001ca0    00000205     project3_main.obj (.text:drawTitleScreen)
                  00001ea5    00000001     --HOLE-- [fill = 0]
                  00001ea6    00000002     rtsv7M4_T_le_v4SPD16_eabi.lib : div0.asm.obj (.text)
                  00001ea8    00000201     project3_main.obj (.text:drawInstructionsScreen)
                  000020a9    00000003     --HOLE-- [fill = 0]
                  000020ac    000001fe     project3_main.obj (.text:initGameState)
                  000022aa    000001d8     Crystalfontz128x128_ST7735.obj (.text:Crystalfontz128x128_PixelDrawMultiple)
                  00002482    00000002     --HOLE-- [fill = 0]
                  00002484    000001d0     rtsv7M4_T_le_v4SPD16_eabi.lib : _printfi.c.obj (.text:_pconv_g)
                  00002654    000001b6                                   : fd_add_t2.asm.obj (.text)
                  0000280a    000001a2     project3_main.obj (.text:handleGameBuildingTransaction)
                  000029ac    0000019c     msp432p4xx_driverlib.lib : cs.o (.text:CS_setDCOFrequency)
                  00002b48    00000180     grlib.a : line.obj (.text:Graphics_clipLine)
                  00002cc8    00000174             : line.obj (.text:Graphics_drawLine)
                  00002e3c    00000169     project3_main.obj (.text:drawGameUpgradeSection)
                  00002fa5    00000003     --HOLE-- [fill = 0]
                  00002fa8    00000160     msp432p4xx_driverlib.lib : adc14.o (.text:_getIndexForMemRegister)
                  00003108    00000158     project3_main.obj (.text:drawGameBuildingSection)
                  00003260    00000148     project3_main.obj (.text:drawGameCookieSection)
                  000033a8    00000144     msp432p4xx_driverlib.lib : timer_a.o (.text:privateTimer_AProcessClockSourceDivider)
                  000034ec    0000013c     rtsv7M4_T_le_v4SPD16_eabi.lib : _printfi.c.obj (.text:_pconv_e)
                  00003628    00000138     project3_main.obj (.text:handleGameUpgradeTransaction)
                  00003760    00000136     rtsv7M4_T_le_v4SPD16_eabi.lib : fd_div_t2.asm.obj (.text)
                  00003896    00000002     --HOLE-- [fill = 0]
                  00003898    00000134     Crystalfontz128x128_ST7735.obj (.text:Crystalfontz128x128_SetDrawFrame)
                  000039cc    00000130     msp432p4xx_driverlib.lib : cs.o (.text:CS_initClockSignal)
                  00003afc    0000012c     Crystalfontz128x128_ST7735.obj (.text:Crystalfontz128x128_Init)
                  00003c28    00000124     project3_main.obj (.text:drawEvents)
                  00003d4c    00000124     rtsv7M4_T_le_v4SPD16_eabi.lib : _printfi.c.obj (.text:fcvt)
                  00003e70    00000112     grlib.a : rectangle.obj (.text:Graphics_fillRectangle)
                  00003f82    00000110     project3_main.obj (.text:checkJoystickDown)
                  00004092    00000110     project3_main.obj (.text:checkJoystickUp)
                  000041a2    00000002     --HOLE-- [fill = 0]
                  000041a4    00000110     rtsv7M4_T_le_v4SPD16_eabi.lib : s_scalbn.c.obj (.text:scalbn)
                  000042b4    000000fc                                   : fd_mul_t2.asm.obj (.text)
                  000043b0    000000e0     project3_main.obj (.text:handleGameCookieGeneration)
                  00004490    000000de     project3_main.obj (.text:checkJoystickLeft)
                  0000456e    000000de     project3_main.obj (.text:checkJoystickRight)
                  0000464c    000000c0     project3_main.obj (.text:main)
                  0000470c    000000b4     msp432p4xx_driverlib.lib : adc14.o (.text:ADC14_configureConversionMemory)
                  000047c0    000000b4                              : adc14.o (.text:ADC14_configureMultiSequenceMode)
                  00004874    000000b1     rtsv7M4_T_le_v4SPD16_eabi.lib : _printfi.c.obj (.text:_ltostr)
                  00004925    00000001     --HOLE-- [fill = 0]
                  00004926    000000b0     msp432p4xx_driverlib.lib : spi.o (.text:SPI_initMaster)
                  000049d6    000000aa     project3_main.obj (.text:calculateCPS)
                  00004a80    000000a8     Timer.obj (.text:InitSystemTiming)
                  00004b28    000000a2     grlib.a : rectangle.obj (.text:Graphics_drawRectangle)
                  00004bca    0000009c     Crystalfontz128x128_ST7735.obj (.text:Crystalfontz128x128_RectFill)
                  00004c66    0000009c     grlib.a : line.obj (.text:Graphics_drawLineH)
                  00004d02    0000009c             : line.obj (.text:Graphics_drawLineV)
                  00004d9e    0000009c     rtsv7M4_T_le_v4SPD16_eabi.lib : memcpy_t2.asm.obj (.text)
                  00004e3a    00000098     project3_main.obj (.text:handleGameNavigation)
                  00004ed2    00000096     project3_main.obj (.text:handleMenuState)
                  00004f68    00000096     rtsv7M4_T_le_v4SPD16_eabi.lib : ull_div_t2.asm.obj (.text)
                  00004ffe    00000002     --HOLE-- [fill = 0]
                  00005000    00000094     msp432p4xx_driverlib.lib : sysctl_a.o (.text:SysCtl_A_getTLVInfo)
                  00005094    00000090     project3_main.obj (.text:updateEvents)
                  00005124    0000008c     project3_main.obj (.text:handleTitleState)
                  000051b0    00000088     msp432p4xx_driverlib.lib : cs.o (.text:CS_tuneDCOFrequency)
                  00005238    00000088                              : gpio.o (.text:GPIO_setAsPeripheralModuleFunctionInputPin)
                  000052c0    00000088                              : gpio.o (.text:GPIO_setAsPeripheralModuleFunctionOutputPin)
                  00005348    00000086     rtsv7M4_T_le_v4SPD16_eabi.lib : fd_cmp_t2.asm.obj (.text:__aeabi_cdcmple)
                  000053ce    00000086                                   : fd_cmp_t2.asm.obj (.text:__aeabi_cdrcmple)
                  00005454    00000084     project3_main.obj (.text:drawBanner)
                  000054d8    00000082     project3_main.obj (.text:handleGameState)
                  0000555a    00000002     --HOLE-- [fill = 0]
                  0000555c    00000080     msp432p4xx_driverlib.lib : interrupt.o (.text:Interrupt_enableInterrupt)
                  000055dc    0000007c     project3_main.obj (.text:initJoystick)
                  00005658    0000007a     rtsv7M4_T_le_v4SPD16_eabi.lib : memset_t2.asm.obj (.text)
                  000056d2    00000002     --HOLE-- [fill = 0]
                  000056d4    00000078     system_msp432p401r.obj (.text:SystemInit)
                  0000574c    00000078     Button.obj (.text:initButtons)
                  000057c4    00000076     project3_main.obj (.text:main_loop)
                  0000583a    00000002     --HOLE-- [fill = 0]
                  0000583c    00000074     msp432p4xx_driverlib.lib : timer_a.o (.text:Timer_A_generatePWM)
                  000058b0    00000070     Buzzer.obj (.text:Note_Construct)
                  00005920    0000006e     rtsv7M4_T_le_v4SPD16_eabi.lib : _printfi.c.obj (.text:_mcpy)
                  0000598e    00000002     --HOLE-- [fill = 0]
                  00005990    00000068     msp432p4xx_driverlib.lib : timer32.o (.text:Timer32_initModule)
                  000059f8    00000068     rtsv7M4_T_le_v4SPD16_eabi.lib : copy_decompress_lzss.c.obj (.text:decompress:lzss:__TI_decompress_lzss)
                  00005a60    00000064     grlib.a : line.obj (.text:Graphics_getClipCode)
                  00005ac4    00000064     rtsv7M4_T_le_v4SPD16_eabi.lib : s_frexp.c.obj (.text:frexp)
                  00005b28    00000060     Crystalfontz128x128_ST7735.obj (.text:Crystalfontz128x128_LineDrawH)
                  00005b88    00000060     Crystalfontz128x128_ST7735.obj (.text:Crystalfontz128x128_LineDrawV)
                  00005be8    00000060     project3_main.obj (.text:handleEventClick)
                  00005c48    0000005e     project3_main.obj (.text:spawnRandomEvent)
                  00005ca6    0000005a     grlib.a : context.obj (.text:Graphics_drawPixel)
                  00005d00    00000058     msp432p4xx_driverlib.lib : gpio.o (.text:GPIO_setAsInputPinWithPullUpResistor)
                  00005d58    00000058     LED.obj (.text:initLEDs)
                  00005db0    00000056     rtsv7M4_T_le_v4SPD16_eabi.lib : _printfi.c.obj (.text:_pconv_f)
                  00005e06    00000002     --HOLE-- [fill = 0]
                  00005e08    00000054     msp432p4xx_driverlib.lib : adc14.o (.text:ADC14_initModule)
                  00005e5c    00000054     Crystalfontz128x128_ST7735.obj (.text:Crystalfontz128x128_SetOrientation)
                  00005eb0    00000054     rtsv7M4_T_le_v4SPD16_eabi.lib : _ltoa.c.obj (.text:__TI_ltoa)
                  00005f04    00000052     grlib.a : context.obj (.text:Graphics_initContext)
                  00005f56    00000052     rtsv7M4_T_le_v4SPD16_eabi.lib : _printfi.c.obj (.text:_ecpy)
                  00005fa8    00000050     project3_main.obj (.text:calculateBuildingPrice)
                  00005ff8    00000050     project3_main.obj (.text:calculateUpgradePrice)
                  00006048    0000004c     rtsv7M4_T_le_v4SPD16_eabi.lib : atoi.c.obj (.text:atoi)
                  00006094    0000004c                                   : snprintf.c.obj (.text:snprintf)
                  000060e0    00000048     Buzzer.obj (.text:Buzzer_Play)
                  00006128    00000048     msp432p4xx_driverlib.lib : flash.o (.text:FlashCtl_setWaitState)
                  00006170    00000048     project3_main.obj (.text:handleGameBuzzer)
                  000061b8    00000048     project3_main.obj (.text:initGraphics)
                  00006200    00000048     rtsv7M4_T_le_v4SPD16_eabi.lib : fd_toi_t2.asm.obj (.text)
                  00006248    00000044                                   : autoinit.c.obj (.text:__TI_auto_init_nobinit_nopinit:__TI_auto_init_nobinit_nopinit)
                  0000628c    00000044     project3_main.obj (.text:randomRange)
                  000062d0    00000040     Crystalfontz128x128_ST7735.obj (.text:Crystalfontz128x128_PixelDraw)
                  00006310    00000040     msp432p4xx_driverlib.lib : gpio.o (.text:GPIO_setAsOutputPin)
                  00006350    00000040     grlib.a : string.obj (.text:Graphics_getNumberOfLeadingZeros)
                  00006390    00000040     HAL_MSP_EXP432P401R_Crystalfontz128x128_ST7735.obj (.text:HAL_LCD_SpiInit)
                  000063d0    00000040     project3_main.obj (.text:handleGameCookieClick)
                  00006410    00000040     msp432p4xx_driverlib.lib : spi.o (.text:is_A_Module)
                  00006450    0000003e     rtsv7M4_T_le_v4SPD16_eabi.lib : _printfi.c.obj (.text:_fcpy)
                  0000648e    00000002     --HOLE-- [fill = 0]
                  00006490    0000003c     msp432p4xx_driverlib.lib : gpio.o (.text:GPIO_interruptEdgeSelect)
                  000064cc    0000003c     Button.obj (.text:PORT1_IRQHandler)
                  00006508    0000003a     Button.obj (.text:updateButtons)
                  00006542    00000002     --HOLE-- [fill = 0]
                  00006544    00000038     HAL_MSP_EXP432P401R_Crystalfontz128x128_ST7735.obj (.text:HAL_LCD_writeCommand)
                  0000657c    00000038     msp432p4xx_driverlib.lib : timer32.o (.text:Timer32_startTimer)
                  000065b4    00000036     grlib.a : display.obj (.text:Graphics_drawHorizontalLineOnDisplay)
                  000065ea    00000036             : display.obj (.text:Graphics_drawVerticalLineOnDisplay)
                  00006620    00000034     msp432p4xx_driverlib.lib : adc14.o (.text:ADC14_enableSampleTimer)
                  00006654    00000034                              : cs.o (.text:CS_setDCOCenteredFrequency)
                  00006688    00000034                              : timer32.o (.text:Timer32_setCount)
                  000066bc    00000034     rtsv7M4_T_le_v4SPD16_eabi.lib : boot_cortex_m.c.obj (.text:_c_int00_noargs:_c_int00_noargs)
                  000066f0    00000030     msp432p4xx_driverlib.lib : gpio.o (.text:GPIO_getInputPinValue)
                  00006720    00000030     HAL_MSP_EXP432P401R_Crystalfontz128x128_ST7735.obj (.text:HAL_LCD_PortInit)
                  00006750    00000030     Timer.obj (.text:StartHWTimer1)
                  00006780    00000030     rtsv7M4_T_le_v4SPD16_eabi.lib : snprintf.c.obj (.text:_outs)
                  000067b0    0000002e     project3_main.obj (.text:handleInstructionsState)
                  000067de    0000002e     rtsv7M4_T_le_v4SPD16_eabi.lib : i_tofd_t2.asm.obj (.text)
                  0000680c    0000002c     msp432p4xx_driverlib.lib : adc14.o (.text:ADC14_toggleConversionTrigger)
                  00006838    0000002c     Crystalfontz128x128_ST7735.obj (.text:Crystalfontz128x128_ClearScreen)
                  00006864    0000002c     grlib.a : display.obj (.text:Graphics_drawPixelOnDisplay)
                  00006890    0000002c     HAL_MSP_EXP432P401R_Crystalfontz128x128_ST7735.obj (.text:HAL_LCD_writeData)
                  000068bc    0000002a     Button.obj (.text:initButton)
                  000068e6    00000002     --HOLE-- [fill = 0]
                  000068e8    00000028     msp432p4xx_driverlib.lib : adc14.o (.text:ADC14_enableConversion)
                  00006910    00000028                              : adc14.o (.text:ADC14_getResult)
                  00006938    00000028     Crystalfontz128x128_ST7735.obj (.text:Crystalfontz128x128_ColorTranslate)
                  00006960    00000028     msp432p4xx_driverlib.lib : gpio.o (.text:GPIO_clearInterruptFlag)
                  00006988    00000028                              : gpio.o (.text:GPIO_enableInterrupt)
                  000069b0    00000028                              : gpio.o (.text:GPIO_setOutputHighOnPin)
                  000069d8    00000028                              : gpio.o (.text:GPIO_setOutputLowOnPin)
                  00006a00    00000028                              : pcm.o (.text:PCM_gotoLPM0)
                  00006a28    00000026     project3_main.obj (.text:drawGameScreen)
                  00006a4e    00000002     --HOLE-- [fill = 0]
                  00006a50    00000024     msp432p4xx_driverlib.lib : gpio.o (.text:GPIO_getInterruptStatus)
                  00006a74    00000024     Timer.obj (.text:HWTimer1Expired)
                  00006a98    00000024     msp432p4xx_driverlib.lib : wdt_a.o (.text:WDT_A_holdTimer)
                  00006abc    00000020     Button.obj (.text:BB1tapped)
                  00006adc    00000020     Button.obj (.text:BB2tapped)
                  00006afc    00000020     Button.obj (.text:JSBtapped)
                  00006b1c    00000020     Button.obj (.text:LB1tapped)
                  00006b3c    00000020     Button.obj (.text:LB2tapped)
                  00006b5c    00000020     Button.obj (.text:PORT3_IRQHandler)
                  00006b7c    00000020     Button.obj (.text:PORT4_IRQHandler)
                  00006b9c    00000020     Button.obj (.text:PORT5_IRQHandler)
                  00006bbc    0000001e     Buzzer.obj (.text:Buzzer_Init)
                  00006bda    0000001e     grlib.a : display.obj (.text:Graphics_fillRectangleOnDisplay)
                  00006bf8    0000001c     msp432p4xx_driverlib.lib : spi.o (.text:SPI_enableModule)
                  00006c14    0000001c     Timer.obj (.text:T32_INT2_IRQHandler)
                  00006c30    0000001c     rtsv7M4_T_le_v4SPD16_eabi.lib : copy_zero_init.c.obj (.text:decompress:ZI:__TI_zero_init_nomemset:__TI_zero_init_nomemset)
                  00006c4c    0000001c                                   : memccpy.c.obj (.text:memccpy)
                  00006c68    0000001a     grlib.a : display.obj (.text:Graphics_clearDisplayOnDisplay)
                  00006c82    0000001a             : context.obj (.text:Graphics_setBackgroundColor)
                  00006c9c    0000001a             : context.obj (.text:Graphics_setFont)
                  00006cb6    0000001a     rtsv7M4_T_le_v4SPD16_eabi.lib : s_copysign.c.obj (.text:copysign)
                  00006cd0    0000001a     project3_main.obj (.text:sampleJoystick)
                  00006cea    00000002     --HOLE-- [fill = 0]
                  00006cec    00000018     Timer.obj (.text:T32_INT1_IRQHandler)
                  00006d04    00000018     rtsv7M4_T_le_v4SPD16_eabi.lib : snprintf.c.obj (.text:_outc)
                  00006d1c    00000018     project3_main.obj (.text:initialize)
                  00006d34    00000018     rtsv7M4_T_le_v4SPD16_eabi.lib : ll_mul_t2.asm.obj (.text)
                  00006d4c    00000016     msp432p4xx_driverlib.lib : spi.o (.text:EUSCI_A_SPI_enable)
                  00006d62    00000016                              : spi.o (.text:EUSCI_B_SPI_enable)
                  00006d78    00000016     grlib.a : context.obj (.text:Graphics_setForegroundColor)
                  00006d8e    00000016             : display.obj (.text:Graphics_translateColorOnDisplay)
                  00006da4    00000016     rtsv7M4_T_le_v4SPD16_eabi.lib : strchr.c.obj (.text:strchr)
                  00006dba    00000014     msp432p4xx_driverlib.lib : timer32.o (.text:Timer32_clearInterruptFlag)
                  00006dce    00000014                              : timer32.o (.text:Timer32_enableInterrupt)
                  00006de2    00000014                              : timer_a.o (.text:Timer_A_stopTimer)
                  00006df6    00000014     rtsv7M4_T_le_v4SPD16_eabi.lib : strlen.c.obj (.text:strlen)
                  00006e0a    00000012     grlib.a : context.obj (.text:Graphics_clearDisplay)
                  00006e1c    00000012     rtsv7M4_T_le_v4SPD16_eabi.lib : wcslen.c.obj (.text:wcslen)
                  00006e2e    00000002     --HOLE-- [fill = 0]
                  00006e30    00000010     msp432p4xx_driverlib.lib : adc14.o (.text:ADCIsConversionRunning)
                  00006e40    00000010                              : interrupt.o (.text:Interrupt_disableMaster)
                  00006e50    00000010                              : interrupt.o (.text:Interrupt_enableMaster)
                  00006e60    00000010     project3_main.obj (.text:sleep)
                  00006e70    0000000e     rtsv7M4_T_le_v4SPD16_eabi.lib : copy_decompress_none.c.obj (.text:decompress:none:__TI_decompress_none)
                  00006e7e    00000002     --HOLE-- [fill = 0]
                  00006e80    0000000c     msp432p4xx_driverlib.lib : adc14.o (.text:ADC14_enableModule)
                  00006e8c    0000000c     Buzzer.obj (.text:Buzzer_Stop)
                  00006e98    0000000c     msp432p4xx_driverlib.lib : cpu.o (.text:CPU_cpsid)
                  00006ea4    0000000c                              : cpu.o (.text:CPU_cpsie)
                  00006eb0    0000000c     Timer.obj (.text:GetSystemTimeMs)
                  00006ebc    0000000c     startup_msp432p401r_ccs.obj (.text:Reset_Handler)
                  00006ec8    0000000c     LED.obj (.text:TurnOff_BLB)
                  00006ed4    0000000c     LED.obj (.text:TurnOff_BLG)
                  00006ee0    0000000c     LED.obj (.text:TurnOff_BLR)
                  00006eec    0000000c     LED.obj (.text:TurnOff_LL1)
                  00006ef8    0000000c     LED.obj (.text:TurnOff_LLB)
                  00006f04    0000000c     LED.obj (.text:TurnOff_LLG)
                  00006f10    0000000c     LED.obj (.text:TurnOff_LLR)
                  00006f1c    0000000c     LED.obj (.text:TurnOn_LL1)
                  00006f28    0000000c     LED.obj (.text:TurnOn_LLG)
                  00006f34    0000000a     Crystalfontz128x128_ST7735.obj (.text:Crystalfontz128x128_Flush)
                  00006f3e    00000002     --HOLE-- [fill = 0]
                  00006f40    00000008     rtsv7M4_T_le_v4SPD16_eabi.lib : errno.c.obj (.text:__aeabi_errno_addr)
                  00006f48    00000008     project3_main.obj (.text:getCurrentTimeMs)
                  00006f50    00000004     msp432p4xx_driverlib.lib : cpu.o (.text:CPU_wfi)
                  00006f54    00000004     rtsv7M4_T_le_v4SPD16_eabi.lib : pre_init.c.obj (.text:_system_pre_init)
                  00006f58    00000004                                   : exit.c.obj (.text:abort:abort)

.const     0    00006f5c    000005d8     
                  00006f5c    000002f8     grlib.a : fontfixed6x8.obj (.const:.string:g_pucFontFixed6x8Data)
                  00007254    00000101     rtsv7M4_T_le_v4SPD16_eabi.lib : ctype.c.obj (.const:.string:_ctypes_)
                  00007355    00000003     --HOLE-- [fill = 0]
                  00007358    000000c8     grlib.a : fontfixed6x8.obj (.const:g_sFontFixed6x8)
                  00007420    00000080     msp432p4xx_driverlib.lib : adc14.o (.const:_ctlRegs)
                  000074a0    00000030                              : gpio.o (.const:GPIO_PORT_TO_BASE)
                  000074d0    00000020     Crystalfontz128x128_ST7735.obj (.const:g_sCrystalfontz128x128_funcs)
                  000074f0    0000001c     HAL_MSP_EXP432P401R_Crystalfontz128x128_ST7735.obj (.const:$P$T0$1)
                  0000750c    00000008     Crystalfontz128x128_ST7735.obj (.const:$P$T0$1)
                  00007514    00000008     project3_main.obj (.const:$P$T0$1)
                  0000751c    00000008     project3_main.obj (.const:$P$T1$2)
                  00007524    00000008     project3_main.obj (.const:$P$T2$3)
                  0000752c    00000008     msp432p4xx_driverlib.lib : interrupt.o (.const:g_pulEnRegs)

.cinit     0    00007538    00000038     
                  00007538    0000000d     (.cinit..data.load) [load image, compression = lzss]
                  00007545    00000003     --HOLE-- [fill = 0]
                  00007548    0000000c     (__TI_handler_table)
                  00007554    00000004     --HOLE-- [fill = 0]
                  00007558    00000008     (.cinit..bss.load) [load image, compression = zero_init]
                  00007560    00000010     (__TI_cinit_table)

.init_array 
*          0    00000000    00000000     UNINITIALIZED

.binit     0    00000000    00000000     

.data      0    20000000    0000001c     UNINITIALIZED
                  20000000    00000010     Crystalfontz128x128_ST7735.obj (.data:g_sCrystalfontz128x128)
                  20000010    00000006     Timer.obj (.data)
                  20000016    00000001     Buzzer.obj (.data)
                  20000017    00000001     --HOLE--
                  20000018    00000004     rtsv7M4_T_le_v4SPD16_eabi.lib : errno.c.obj (.data)

.bss       0    2000001c    0000000f     UNINITIALIZED
                  2000001c    00000005     Button.obj (.bss)
                  20000021    00000001     (.common:Lcd_FlagRead)
                  20000022    00000002     (.common:Lcd_ScreenHeigth)
                  20000024    00000002     (.common:Lcd_ScreenWidth)
                  20000026    00000002     (.common:Lcd_TouchTrim)
                  20000028    00000001     (.common:Lcd_FontSolid)
                  20000029    00000001     (.common:Lcd_Orientation)
                  2000002a    00000001     (.common:Lcd_PenSolid)

.stack     0    2000fe00    00000200     UNINITIALIZED
                  2000fe00    00000004     rtsv7M4_T_le_v4SPD16_eabi.lib : boot_cortex_m.c.obj (.stack)
                  2000fe04    000001fc     --HOLE--

__llvm_prf_cnts 
*          0    20000000    00000000     UNINITIALIZED

MODULE SUMMARY

       Module                                               code    ro data   rw data
       ------                                               ----    -------   -------
    .\
       project3_main.obj                                    8552    24        0      
       system_msp432p401r.obj                               120     0         0      
    +--+----------------------------------------------------+-------+---------+---------+
       Total:                                               8672    24        0      
                                                                                     
    .\HAL\
       Button.obj                                           536     0         10     
       Timer.obj                                            316     0         12     
       Buzzer.obj                                           226     0         2      
       LED.obj                                              196     0         0      
    +--+----------------------------------------------------+-------+---------+---------+
       Total:                                               1274    0         24     
                                                                                     
    .\LcdDriver\
       Crystalfontz128x128_ST7735.obj                       1670    40        52     
       HAL_MSP_EXP432P401R_Crystalfontz128x128_ST7735.obj   212     28        0      
    +--+----------------------------------------------------+-------+---------+---------+
       Total:                                               1882    68        52     
                                                                                     
    .\ccs\
       startup_msp432p401r_ccs.obj                          14      228       0      
    +--+----------------------------------------------------+-------+---------+---------+
       Total:                                               14      228       0      
                                                                                     
    C:/ti/simplelink_msp432p4_sdk_3_40_01_02/source/ti/devices/msp432p4xx/driverlib/ccs/msp432p4xx_driverlib.lib
       adc14.o                                              1000    128       0      
       cs.o                                                 904     0         0      
       gpio.o                                               728     48        0      
       timer_a.o                                            460     0         0      
       spi.o                                                312     0         0      
       timer32.o                                            252     0         0      
       interrupt.o                                          160     8         0      
       sysctl_a.o                                           148     0         0      
       flash.o                                              72      0         0      
       pcm.o                                                40      0         0      
       wdt_a.o                                              36      0         0      
       cpu.o                                                28      0         0      
    +--+----------------------------------------------------+-------+---------+---------+
       Total:                                               4140    184       0      
                                                                                     
    C:/ti/simplelink_msp432p4_sdk_3_40_01_02/source/ti/grlib/lib/ccs/m4f/grlib.a
       string.obj                                           1214    0         0      
       circle.obj                                           1176    0         0      
       line.obj                                             1168    0         0      
       fontfixed6x8.obj                                     0       960       0      
       rectangle.obj                                        436     0         0      
       context.obj                                          264     0         0      
       display.obj                                          230     0         0      
    +--+----------------------------------------------------+-------+---------+---------+
       Total:                                               4488    960       0      
                                                                                     
    C:\ti\ccs1000\ccs\tools\compiler\ti-cgt-arm_20.2.0.LTS\lib\rtsv7M4_T_le_v4SPD16_eabi.lib
       _printfi.c.obj                                       4851    0         0      
       fd_add_t2.asm.obj                                    438     0         0      
       fd_div_t2.asm.obj                                    310     0         0      
       s_scalbn.c.obj                                       272     0         0      
       fd_cmp_t2.asm.obj                                    268     0         0      
       ctype.c.obj                                          0       257       0      
       fd_mul_t2.asm.obj                                    252     0         0      
       memcpy_t2.asm.obj                                    156     0         0      
       ull_div_t2.asm.obj                                   150     0         0      
       snprintf.c.obj                                       148     0         0      
       memset_t2.asm.obj                                    122     0         0      
       copy_decompress_lzss.c.obj                           104     0         0      
       s_frexp.c.obj                                        100     0         0      
       _ltoa.c.obj                                          84      0         0      
       atoi.c.obj                                           76      0         0      
       fd_toi_t2.asm.obj                                    72      0         0      
       autoinit.c.obj                                       68      0         0      
       boot_cortex_m.c.obj                                  52      0         0      
       i_tofd_t2.asm.obj                                    46      0         0      
       copy_zero_init.c.obj                                 28      0         0      
       memccpy.c.obj                                        28      0         0      
       s_copysign.c.obj                                     26      0         0      
       ll_mul_t2.asm.obj                                    24      0         0      
       strchr.c.obj                                         22      0         0      
       strlen.c.obj                                         20      0         0      
       wcslen.c.obj                                         18      0         0      
       errno.c.obj                                          8       0         8      
       copy_decompress_none.c.obj                           14      0         0      
       exit.c.obj                                           4       0         0      
       pre_init.c.obj                                       4       0         0      
       div0.asm.obj                                         2       0         0      
    +--+----------------------------------------------------+-------+---------+---------+
       Total:                                               7767    257       8      
                                                                                     
       Stack:                                               0       0         1024   
       Linker Generated:                                    0       49        0      
    +--+----------------------------------------------------+-------+---------+---------+
       Grand Total:                                         28237   1770      1108   


LINKER GENERATED COPY TABLES

__TI_cinit_table @ 00007560 records: 2, size/record: 8, table size: 16
	.data: load addr=00007538, load size=0000000d bytes, run addr=20000000, run size=0000001c bytes, compression=lzss
	.bss: load addr=00007558, load size=00000008 bytes, run addr=2000001c, run size=0000000f bytes, compression=zero_init


LINKER GENERATED HANDLER TABLE

__TI_handler_table @ 00007548 records: 3, size/record: 4, table size: 12
	index: 0, handler: __TI_decompress_lzss
	index: 1, handler: __TI_decompress_none
	index: 2, handler: __TI_zero_init


GLOBAL SYMBOLS: SORTED ALPHABETICALLY BY Name 

address   name                                       
-------   ----                                       
00001597  ADC14_IRQHandler                           
0000470d  ADC14_configureConversionMemory            
000047c1  ADC14_configureMultiSequenceMode           
000068e9  ADC14_enableConversion                     
00006e81  ADC14_enableModule                         
00006621  ADC14_enableSampleTimer                    
00006911  ADC14_getResult                            
00005e09  ADC14_initModule                           
0000680d  ADC14_toggleConversionTrigger              
00001597  AES256_IRQHandler                          
00006abd  BB1tapped                                  
00006add  BB2tapped                                  
00001597  BusFault_Handler                           
00006bbd  Buzzer_Init                                
000060e1  Buzzer_Play                                
00006e8d  Buzzer_Stop                                
00006f59  C$$EXIT                                    
00001597  COMP_E0_IRQHandler                         
00001597  COMP_E1_IRQHandler                         
00006e99  CPU_cpsid                                  
00006ea5  CPU_cpsie                                  
00006f51  CPU_wfi                                    
00001597  CS_IRQHandler                              
000039cd  CS_initClockSignal                         
00006655  CS_setDCOCenteredFrequency                 
000029ad  CS_setDCOFrequency                         
000051b1  CS_tuneDCOFrequency                        
00003afd  Crystalfontz128x128_Init                   
00003899  Crystalfontz128x128_SetDrawFrame           
00005e5d  Crystalfontz128x128_SetOrientation         
00001597  DMA_ERR_IRQHandler                         
00001597  DMA_INT0_IRQHandler                        
00001597  DMA_INT1_IRQHandler                        
00001597  DMA_INT2_IRQHandler                        
00001597  DMA_INT3_IRQHandler                        
00001597  DebugMon_Handler                           
00001597  Default_Handler                            
00001597  EUSCIA0_IRQHandler                         
00001597  EUSCIA1_IRQHandler                         
00001597  EUSCIA2_IRQHandler                         
00001597  EUSCIA3_IRQHandler                         
00001597  EUSCIB0_IRQHandler                         
00001597  EUSCIB1_IRQHandler                         
00001597  EUSCIB2_IRQHandler                         
00001597  EUSCIB3_IRQHandler                         
00006d4d  EUSCI_A_SPI_enable                         
00006d63  EUSCI_B_SPI_enable                         
00001597  FLCTL_IRQHandler                           
00001597  FPU_IRQHandler                             
00006129  FlashCtl_setWaitState                      
00006961  GPIO_clearInterruptFlag                    
00006989  GPIO_enableInterrupt                       
000066f1  GPIO_getInputPinValue                      
00006a51  GPIO_getInterruptStatus                    
00006491  GPIO_interruptEdgeSelect                   
00005d01  GPIO_setAsInputPinWithPullUpResistor       
00006311  GPIO_setAsOutputPin                        
00005239  GPIO_setAsPeripheralModuleFunctionInputPin 
000052c1  GPIO_setAsPeripheralModuleFunctionOutputPin
000069b1  GPIO_setOutputHighOnPin                    
000069d9  GPIO_setOutputLowOnPin                     
00006eb1  GetSystemTimeMs                            
00006e0b  Graphics_clearDisplay                      
00006c69  Graphics_clearDisplayOnDisplay             
00001809  Graphics_drawCircle                        
000065b5  Graphics_drawHorizontalLineOnDisplay       
00002cc9  Graphics_drawLine                          
00004c67  Graphics_drawLineH                         
00004d03  Graphics_drawLineV                         
00005ca7  Graphics_drawPixel                         
00006865  Graphics_drawPixelOnDisplay                
00004b29  Graphics_drawRectangle                     
00000b33  Graphics_drawString                        
000065eb  Graphics_drawVerticalLineOnDisplay         
00001a77  Graphics_fillCircle                        
00003e71  Graphics_fillRectangle                     
00006bdb  Graphics_fillRectangleOnDisplay            
00005f05  Graphics_initContext                       
00006c83  Graphics_setBackgroundColor                
00006c9d  Graphics_setFont                           
00006d79  Graphics_setForegroundColor                
00006d8f  Graphics_translateColorOnDisplay           
00006721  HAL_LCD_PortInit                           
00006391  HAL_LCD_SpiInit                            
00006545  HAL_LCD_writeCommand                       
00006891  HAL_LCD_writeData                          
00006a75  HWTimer1Expired                            
00001597  HardFault_Handler                          
00004a81  InitSystemTiming                           
00006e41  Interrupt_disableMaster                    
0000555d  Interrupt_enableInterrupt                  
00006e51  Interrupt_enableMaster                     
00006afd  JSBtapped                                  
00006b1d  LB1tapped                                  
00006b3d  LB2tapped                                  
20000021  Lcd_FlagRead                               
20000028  Lcd_FontSolid                              
20000029  Lcd_Orientation                            
2000002a  Lcd_PenSolid                               
20000022  Lcd_ScreenHeigth                           
20000024  Lcd_ScreenWidth                            
20000026  Lcd_TouchTrim                              
00001597  MemManage_Handler                          
00001597  NMI_Handler                                
000058b1  Note_Construct                             
00001597  PCM_IRQHandler                             
00006a01  PCM_gotoLPM0                               
000064cd  PORT1_IRQHandler                           
000064cd  PORT1_IRQHandler                           
00001597  PORT2_IRQHandler                           
00006b5d  PORT3_IRQHandler                           
00006b5d  PORT3_IRQHandler                           
00006b7d  PORT4_IRQHandler                           
00006b7d  PORT4_IRQHandler                           
00006b9d  PORT5_IRQHandler                           
00006b9d  PORT5_IRQHandler                           
00001597  PORT6_IRQHandler                           
00001597  PSS_IRQHandler                             
00001597  PendSV_Handler                             
00001597  RTC_C_IRQHandler                           
00006ebd  Reset_Handler                              
00006bf9  SPI_enableModule                           
00004927  SPI_initMaster                             
00001597  SVC_Handler                                
00006751  StartHWTimer1                              
00005001  SysCtl_A_getTLVInfo                        
00001597  SysTick_Handler                            
000056d5  SystemInit                                 
00006ced  T32_INT1_IRQHandler                        
00006ced  T32_INT1_IRQHandler                        
00006c15  T32_INT2_IRQHandler                        
00006c15  T32_INT2_IRQHandler                        
00001597  T32_INTC_IRQHandler                        
00001597  TA0_0_IRQHandler                           
00001597  TA0_N_IRQHandler                           
00001597  TA1_0_IRQHandler                           
00001597  TA1_N_IRQHandler                           
00001597  TA2_0_IRQHandler                           
00001597  TA2_N_IRQHandler                           
00001597  TA3_0_IRQHandler                           
00001597  TA3_N_IRQHandler                           
00006dbb  Timer32_clearInterruptFlag                 
00006dcf  Timer32_enableInterrupt                    
00005991  Timer32_initModule                         
00006689  Timer32_setCount                           
0000657d  Timer32_startTimer                         
0000583d  Timer_A_generatePWM                        
00006de3  Timer_A_stopTimer                          
00006ec9  TurnOff_BLB                                
00006ed5  TurnOff_BLG                                
00006ee1  TurnOff_BLR                                
00006eed  TurnOff_LL1                                
00006ef9  TurnOff_LLB                                
00006f05  TurnOff_LLG                                
00006f11  TurnOff_LLR                                
00006f1d  TurnOn_LL1                                 
00006f29  TurnOn_LLG                                 
00001597  UsageFault_Handler                         
4000480c  WDTCTL_SYM                                 
00001597  WDT_A_IRQHandler                           
00006a99  WDT_A_holdTimer                            
20010000  __STACK_END                                
00000200  __STACK_SIZE                               
00007560  __TI_CINIT_Base                            
00007570  __TI_CINIT_Limit                           
00007548  __TI_Handler_Table_Base                    
00007554  __TI_Handler_Table_Limit                   
00006249  __TI_auto_init_nobinit_nopinit             
000059f9  __TI_decompress_lzss                       
00006e71  __TI_decompress_none                       
00005eb1  __TI_ltoa                                  
ffffffff  __TI_pprof_out_hndl                        
000000e5  __TI_printfi                               
ffffffff  __TI_prof_data_size                        
ffffffff  __TI_prof_data_start                       
00000000  __TI_static_base__                         
00006c31  __TI_zero_init_nomemset                    
00005349  __aeabi_cdcmpeq                            
00005349  __aeabi_cdcmple                            
000053cf  __aeabi_cdrcmple                           
00006201  __aeabi_d2iz                               
0000265f  __aeabi_dadd                               
00003761  __aeabi_ddiv                               
000042b5  __aeabi_dmul                               
00002655  __aeabi_dsub                               
00006f41  __aeabi_errno_addr                         
000067df  __aeabi_i2d                                
00001ea7  __aeabi_idiv0                              
00001ea7  __aeabi_ldiv0                              
00006d35  __aeabi_lmul                               
00005659  __aeabi_memclr                             
00005659  __aeabi_memclr4                            
00005659  __aeabi_memclr8                            
00004d9f  __aeabi_memcpy                             
00004d9f  __aeabi_memcpy4                            
00004d9f  __aeabi_memcpy8                            
0000565b  __aeabi_memset                             
0000565b  __aeabi_memset4                            
0000565b  __aeabi_memset8                            
00004f69  __aeabi_uldivmod                           
ffffffff  __binit__                                  
ffffffff  __c_args__                                 
UNDEFED   __mpu_init                                 
2000fe00  __stack                                    
20000000  __start___llvm_prf_cnts                    
20000000  __stop___llvm_prf_cnts                     
000066bd  _c_int00_noargs                            
00007254  _ctypes_                                   
UNDEFED   _system_post_cinit                         
00006f55  _system_pre_init                           
00006f59  abort                                      
00006049  atoi                                       
ffffffff  binit                                      
00005fa9  calculateBuildingPrice                     
000049d7  calculateCPS                               
00005ff9  calculateUpgradePrice                      
00003f83  checkJoystickDown                          
00004491  checkJoystickLeft                          
0000456f  checkJoystickRight                         
00004093  checkJoystickUp                            
00006cb7  copysign                                   
00006cb7  copysignl                                  
00005455  drawBanner                                 
00003c29  drawEvents                                 
00003109  drawGameBuildingSection                    
00003261  drawGameCookieSection                      
00006a29  drawGameScreen                             
00002e3d  drawGameUpgradeSection                     
00001ea9  drawInstructionsScreen                     
00001301  drawMenuScreen                             
00001ca1  drawTitleScreen                            
20000018  errno                                      
00000fb1  formatNumber                               
00005ac5  frexp                                      
00005ac5  frexpl                                     
20000000  g_sCrystalfontz128x128                     
000074d0  g_sCrystalfontz128x128_funcs               
00007358  g_sFontFixed6x8                            
00006f49  getCurrentTimeMs                           
00005be9  handleEventClick                           
0000280b  handleGameBuildingTransaction              
00006171  handleGameBuzzer                           
000063d1  handleGameCookieClick                      
000043b1  handleGameCookieGeneration                 
00004e3b  handleGameNavigation                       
000054d9  handleGameState                            
00003629  handleGameUpgradeTransaction               
000067b1  handleInstructionsState                    
00004ed3  handleMenuState                            
00005125  handleTitleState                           
000068bd  initButton                                 
0000574d  initButtons                                
000020ad  initGameState                              
000061b9  initGraphics                               
000055dd  initJoystick                               
00005d59  initLEDs                                   
00006d1d  initialize                                 
00000000  interruptVectors                           
000041a5  ldexp                                      
000041a5  ldexpl                                     
0000464d  main                                       
000057c5  main_loop                                  
00006c4d  memccpy                                    
00004d9f  memcpy                                     
00005661  memset                                     
0000628d  randomRange                                
00006cd1  sampleJoystick                             
000041a5  scalbn                                     
000041a5  scalbnl                                    
00006e61  sleep                                      
00006095  snprintf                                   
00005c49  spawnRandomEvent                           
00006da5  strchr                                     
00006df7  strlen                                     
00006509  updateButtons                              
00005095  updateEvents                               
00006e1d  wcslen                                     


GLOBAL SYMBOLS: SORTED BY Symbol Address 

address   name                                       
-------   ----                                       
00000000  __TI_static_base__                         
00000000  interruptVectors                           
000000e5  __TI_printfi                               
00000200  __STACK_SIZE                               
00000b33  Graphics_drawString                        
00000fb1  formatNumber                               
00001301  drawMenuScreen                             
00001597  ADC14_IRQHandler                           
00001597  AES256_IRQHandler                          
00001597  BusFault_Handler                           
00001597  COMP_E0_IRQHandler                         
00001597  COMP_E1_IRQHandler                         
00001597  CS_IRQHandler                              
00001597  DMA_ERR_IRQHandler                         
00001597  DMA_INT0_IRQHandler                        
00001597  DMA_INT1_IRQHandler                        
00001597  DMA_INT2_IRQHandler                        
00001597  DMA_INT3_IRQHandler                        
00001597  DebugMon_Handler                           
00001597  Default_Handler                            
00001597  EUSCIA0_IRQHandler                         
00001597  EUSCIA1_IRQHandler                         
00001597  EUSCIA2_IRQHandler                         
00001597  EUSCIA3_IRQHandler                         
00001597  EUSCIB0_IRQHandler                         
00001597  EUSCIB1_IRQHandler                         
00001597  EUSCIB2_IRQHandler                         
00001597  EUSCIB3_IRQHandler                         
00001597  FLCTL_IRQHandler                           
00001597  FPU_IRQHandler                             
00001597  HardFault_Handler                          
00001597  MemManage_Handler                          
00001597  NMI_Handler                                
00001597  PCM_IRQHandler                             
00001597  PORT2_IRQHandler                           
00001597  PORT6_IRQHandler                           
00001597  PSS_IRQHandler                             
00001597  PendSV_Handler                             
00001597  RTC_C_IRQHandler                           
00001597  SVC_Handler                                
00001597  SysTick_Handler                            
00001597  T32_INTC_IRQHandler                        
00001597  TA0_0_IRQHandler                           
00001597  TA0_N_IRQHandler                           
00001597  TA1_0_IRQHandler                           
00001597  TA1_N_IRQHandler                           
00001597  TA2_0_IRQHandler                           
00001597  TA2_N_IRQHandler                           
00001597  TA3_0_IRQHandler                           
00001597  TA3_N_IRQHandler                           
00001597  UsageFault_Handler                         
00001597  WDT_A_IRQHandler                           
00001809  Graphics_drawCircle                        
00001a77  Graphics_fillCircle                        
00001ca1  drawTitleScreen                            
00001ea7  __aeabi_idiv0                              
00001ea7  __aeabi_ldiv0                              
00001ea9  drawInstructionsScreen                     
000020ad  initGameState                              
00002655  __aeabi_dsub                               
0000265f  __aeabi_dadd                               
0000280b  handleGameBuildingTransaction              
000029ad  CS_setDCOFrequency                         
00002cc9  Graphics_drawLine                          
00002e3d  drawGameUpgradeSection                     
00003109  drawGameBuildingSection                    
00003261  drawGameCookieSection                      
00003629  handleGameUpgradeTransaction               
00003761  __aeabi_ddiv                               
00003899  Crystalfontz128x128_SetDrawFrame           
000039cd  CS_initClockSignal                         
00003afd  Crystalfontz128x128_Init                   
00003c29  drawEvents                                 
00003e71  Graphics_fillRectangle                     
00003f83  checkJoystickDown                          
00004093  checkJoystickUp                            
000041a5  ldexp                                      
000041a5  ldexpl                                     
000041a5  scalbn                                     
000041a5  scalbnl                                    
000042b5  __aeabi_dmul                               
000043b1  handleGameCookieGeneration                 
00004491  checkJoystickLeft                          
0000456f  checkJoystickRight                         
0000464d  main                                       
0000470d  ADC14_configureConversionMemory            
000047c1  ADC14_configureMultiSequenceMode           
00004927  SPI_initMaster                             
000049d7  calculateCPS                               
00004a81  InitSystemTiming                           
00004b29  Graphics_drawRectangle                     
00004c67  Graphics_drawLineH                         
00004d03  Graphics_drawLineV                         
00004d9f  __aeabi_memcpy                             
00004d9f  __aeabi_memcpy4                            
00004d9f  __aeabi_memcpy8                            
00004d9f  memcpy                                     
00004e3b  handleGameNavigation                       
00004ed3  handleMenuState                            
00004f69  __aeabi_uldivmod                           
00005001  SysCtl_A_getTLVInfo                        
00005095  updateEvents                               
00005125  handleTitleState                           
000051b1  CS_tuneDCOFrequency                        
00005239  GPIO_setAsPeripheralModuleFunctionInputPin 
000052c1  GPIO_setAsPeripheralModuleFunctionOutputPin
00005349  __aeabi_cdcmpeq                            
00005349  __aeabi_cdcmple                            
000053cf  __aeabi_cdrcmple                           
00005455  drawBanner                                 
000054d9  handleGameState                            
0000555d  Interrupt_enableInterrupt                  
000055dd  initJoystick                               
00005659  __aeabi_memclr                             
00005659  __aeabi_memclr4                            
00005659  __aeabi_memclr8                            
0000565b  __aeabi_memset                             
0000565b  __aeabi_memset4                            
0000565b  __aeabi_memset8                            
00005661  memset                                     
000056d5  SystemInit                                 
0000574d  initButtons                                
000057c5  main_loop                                  
0000583d  Timer_A_generatePWM                        
000058b1  Note_Construct                             
00005991  Timer32_initModule                         
000059f9  __TI_decompress_lzss                       
00005ac5  frexp                                      
00005ac5  frexpl                                     
00005be9  handleEventClick                           
00005c49  spawnRandomEvent                           
00005ca7  Graphics_drawPixel                         
00005d01  GPIO_setAsInputPinWithPullUpResistor       
00005d59  initLEDs                                   
00005e09  ADC14_initModule                           
00005e5d  Crystalfontz128x128_SetOrientation         
00005eb1  __TI_ltoa                                  
00005f05  Graphics_initContext                       
00005fa9  calculateBuildingPrice                     
00005ff9  calculateUpgradePrice                      
00006049  atoi                                       
00006095  snprintf                                   
000060e1  Buzzer_Play                                
00006129  FlashCtl_setWaitState                      
00006171  handleGameBuzzer                           
000061b9  initGraphics                               
00006201  __aeabi_d2iz                               
00006249  __TI_auto_init_nobinit_nopinit             
0000628d  randomRange                                
00006311  GPIO_setAsOutputPin                        
00006391  HAL_LCD_SpiInit                            
000063d1  handleGameCookieClick                      
00006491  GPIO_interruptEdgeSelect                   
000064cd  PORT1_IRQHandler                           
000064cd  PORT1_IRQHandler                           
00006509  updateButtons                              
00006545  HAL_LCD_writeCommand                       
0000657d  Timer32_startTimer                         
000065b5  Graphics_drawHorizontalLineOnDisplay       
000065eb  Graphics_drawVerticalLineOnDisplay         
00006621  ADC14_enableSampleTimer                    
00006655  CS_setDCOCenteredFrequency                 
00006689  Timer32_setCount                           
000066bd  _c_int00_noargs                            
000066f1  GPIO_getInputPinValue                      
00006721  HAL_LCD_PortInit                           
00006751  StartHWTimer1                              
000067b1  handleInstructionsState                    
000067df  __aeabi_i2d                                
0000680d  ADC14_toggleConversionTrigger              
00006865  Graphics_drawPixelOnDisplay                
00006891  HAL_LCD_writeData                          
000068bd  initButton                                 
000068e9  ADC14_enableConversion                     
00006911  ADC14_getResult                            
00006961  GPIO_clearInterruptFlag                    
00006989  GPIO_enableInterrupt                       
000069b1  GPIO_setOutputHighOnPin                    
000069d9  GPIO_setOutputLowOnPin                     
00006a01  PCM_gotoLPM0                               
00006a29  drawGameScreen                             
00006a51  GPIO_getInterruptStatus                    
00006a75  HWTimer1Expired                            
00006a99  WDT_A_holdTimer                            
00006abd  BB1tapped                                  
00006add  BB2tapped                                  
00006afd  JSBtapped                                  
00006b1d  LB1tapped                                  
00006b3d  LB2tapped                                  
00006b5d  PORT3_IRQHandler                           
00006b5d  PORT3_IRQHandler                           
00006b7d  PORT4_IRQHandler                           
00006b7d  PORT4_IRQHandler                           
00006b9d  PORT5_IRQHandler                           
00006b9d  PORT5_IRQHandler                           
00006bbd  Buzzer_Init                                
00006bdb  Graphics_fillRectangleOnDisplay            
00006bf9  SPI_enableModule                           
00006c15  T32_INT2_IRQHandler                        
00006c15  T32_INT2_IRQHandler                        
00006c31  __TI_zero_init_nomemset                    
00006c4d  memccpy                                    
00006c69  Graphics_clearDisplayOnDisplay             
00006c83  Graphics_setBackgroundColor                
00006c9d  Graphics_setFont                           
00006cb7  copysign                                   
00006cb7  copysignl                                  
00006cd1  sampleJoystick                             
00006ced  T32_INT1_IRQHandler                        
00006ced  T32_INT1_IRQHandler                        
00006d1d  initialize                                 
00006d35  __aeabi_lmul                               
00006d4d  EUSCI_A_SPI_enable                         
00006d63  EUSCI_B_SPI_enable                         
00006d79  Graphics_setForegroundColor                
00006d8f  Graphics_translateColorOnDisplay           
00006da5  strchr                                     
00006dbb  Timer32_clearInterruptFlag                 
00006dcf  Timer32_enableInterrupt                    
00006de3  Timer_A_stopTimer                          
00006df7  strlen                                     
00006e0b  Graphics_clearDisplay                      
00006e1d  wcslen                                     
00006e41  Interrupt_disableMaster                    
00006e51  Interrupt_enableMaster                     
00006e61  sleep                                      
00006e71  __TI_decompress_none                       
00006e81  ADC14_enableModule                         
00006e8d  Buzzer_Stop                                
00006e99  CPU_cpsid                                  
00006ea5  CPU_cpsie                                  
00006eb1  GetSystemTimeMs                            
00006ebd  Reset_Handler                              
00006ec9  TurnOff_BLB                                
00006ed5  TurnOff_BLG                                
00006ee1  TurnOff_BLR                                
00006eed  TurnOff_LL1                                
00006ef9  TurnOff_LLB                                
00006f05  TurnOff_LLG                                
00006f11  TurnOff_LLR                                
00006f1d  TurnOn_LL1                                 
00006f29  TurnOn_LLG                                 
00006f41  __aeabi_errno_addr                         
00006f49  getCurrentTimeMs                           
00006f51  CPU_wfi                                    
00006f55  _system_pre_init                           
00006f59  C$$EXIT                                    
00006f59  abort                                      
00007254  _ctypes_                                   
00007358  g_sFontFixed6x8                            
000074d0  g_sCrystalfontz128x128_funcs               
00007548  __TI_Handler_Table_Base                    
00007554  __TI_Handler_Table_Limit                   
00007560  __TI_CINIT_Base                            
00007570  __TI_CINIT_Limit                           
20000000  __start___llvm_prf_cnts                    
20000000  __stop___llvm_prf_cnts                     
20000000  g_sCrystalfontz128x128                     
20000018  errno                                      
20000021  Lcd_FlagRead                               
20000022  Lcd_ScreenHeigth                           
20000024  Lcd_ScreenWidth                            
20000026  Lcd_TouchTrim                              
20000028  Lcd_FontSolid                              
20000029  Lcd_Orientation                            
2000002a  Lcd_PenSolid                               
2000fe00  __stack                                    
20010000  __STACK_END                                
4000480c  WDTCTL_SYM                                 
ffffffff  __TI_pprof_out_hndl                        
ffffffff  __TI_prof_data_size                        
ffffffff  __TI_prof_data_start                       
ffffffff  __binit__                                  
ffffffff  __c_args__                                 
ffffffff  binit                                      
UNDEFED   __mpu_init                                 
UNDEFED   _system_post_cinit                         

[277 symbols]
